// Jest Snapshot v1, https://goo.gl/fbAQLP

exports[`should render ExpenseFormPage correctly 1`] = `
<div
  className="page-header"
>
  <div
    className="content-container"
  >
    <ExpenseFormSummary />
    <Link
      className="button"
      replace={false}
      to="/addexpense/undefined"
    >
      Add new expense 
    </Link>
    <button
      className="button button--delete"
    >
      Delete this form
    </button>
  </div>
</div>
`;
